// Vitest Snapshot v1, https://vitest.dev/guide/snapshot.html

exports[`chips > renders status, confidence, route and tag chips 1`] = `
<div>
  <span
    class="chip chip--success chip--sm chip--soft"
    data-slot="chip"
  >
    <span
      class="chip__label"
      data-slot="chip-label"
    >
      200
    </span>
  </span>
  <span
    class="chip chip--danger chip--sm chip--soft"
    data-slot="chip"
  >
    <span
      class="chip__label"
      data-slot="chip-label"
    >
      429
    </span>
  </span>
  <span
    class="chip chip--success chip--sm chip--soft"
    data-slot="chip"
  >
    <span
      class="chip__label"
      data-slot="chip-label"
    >
      strong
    </span>
  </span>
  <span
    class="chip chip--default chip--sm chip--soft"
    data-slot="chip"
  >
    <span
      class="chip__label"
      data-slot="chip-label"
    >
      weak
    </span>
  </span>
  <span
    class="chip chip--accent chip--sm chip--soft"
    data-slot="chip"
  >
    <span
      class="chip__label"
      data-slot="chip-label"
    >
      anthropic
    </span>
  </span>
  <span>
    <span
      class="chip chip--accent chip--sm chip--soft"
      data-slot="chip"
    >
      <span
        class="chip__label"
        data-slot="chip-label"
      >
        Task
      </span>
    </span>
  </span>
</div>
`;
